Microchip MPLAB XC8 Compiler V2.20

Linker command line:

-W-3 --edf=C:\Program Files\Microchip\xc8\v2.20\pic\dat\en_msgs.txt -cn \
  -h+dist/default/production\ECE532FinalProjectCode.X.production.sym \
  --cmf=dist/default/production\ECE532FinalProjectCode.X.production.cmf -z \
  -Q18F452 -oC:\Users\PATINOR\AppData\Local\Temp\ssrk.2 \
  --defsym=__MPLAB_BUILD=1 \
  -Mdist/default/production/ECE532FinalProjectCode.X.production.map -E1 \
  -ver=XC8 Compiler --acfsm=1493 -ASTACK=080h-05FFh -pstack=STACK \
  -ACODE=00h-03FFFhx2 -ACONST=00h-07FFFh -ASMALLCONST=0600h-06FFhx122 \
  -AMEDIUMCONST=0600h-07FFFh -ACOMRAM=01h-07Fh -AABS1=00h-05FFh \
  -ABIGRAM=01h-05FFh -ARAM=080h-0FFh,0100h-01FFhx5 -ABANK0=080h-0FFh \
  -ABANK1=0100h-01FFh -ABANK2=0200h-02FFh -ABANK3=0300h-03FFh \
  -ABANK4=0400h-04FFh -ABANK5=0500h-05FFh -ASFR=0F80h-0FFFh \
  -ACONFIG=0300000h-030000Dh -AIDLOC=0200000h-0200007h \
  -preset_vec=00h,intcode,intcodelo,powerup,init -pramtop=0600h \
  -psmallconst=SMALLCONST -pmediumconst=MEDIUMCONST -pconst=CONST \
  -AFARRAM=00h-00h -AEEDATA=0F00000h-0F000FFh -peeprom_data=EEDATA \
  -prdata=COMRAM,nvrram=COMRAM,nvbit=COMRAM,rbss=COMRAM,rbit=COMRAM \
  -pfarbss=FARRAM,fardata=FARRAM,nvFARRAM=FARRAM \
  -pintsave_regs=BIGRAM,bigbss=BIGRAM,bigdata=BIGRAM -pbss=RAM \
  -pidata=CODE,irdata=CODE,ibigdata=CODE,ifardata=CODE -prparam=COMRAM \
  C:\Users\PATINOR\AppData\Local\Temp\ssrk.o \
  dist/default/production\ECE532FinalProjectCode.X.production.o 

Object code version is 3.11

Machine type is 18F452



                Name                               Link     Load   Length Selector   Space Scale
C:\Users\PATINOR\AppData\Local\Temp\ssrk.o
                idloc                            200000   200000        8        0       5
                config                           300000   300000        E        0       4
                text                               1254     1254        2      334       0
                init                                  2        2        4        0       0
                reset_vec                             0        0        2        0       0
dist/default/production\ECE532FinalProjectCode.X.production.o
                idloc                            200000   200000        8        0       5
                config                           300000   300000        E        0       4
                smallconst                          600      600       68      300       0
                text11                              A12      A12      32A      334       0
                text10                             11B0     11B0       30      334       0
                text9                              11E0     11E0       22      334       0
                text8                              1238     1238       12      334       0
                text7                              10AA     10AA       8A      334       0
                text6                              1202     1202       1C      334       0
                text5                              1134     1134       46      334       0
                text4                               668      668      3AA      334       0
                text3                               D3C      D3C      1F0      334       0
                text2                              124A     124A        A      334       0
                text1                              117A     117A       36      334       0
                text0                               F2C      F2C      17E      334       0
                cstackCOMRAM                         14       14        E        1       1
                bssCOMRAM                             1        1       13        1       1
                cinit                              121E     121E       1A      334       0

TOTAL           Name                               Link     Load   Length     Space
        CLASS   STACK          

        CLASS   CODE           
                text                               1254     1254        2         0
                init                                  2        2        4         0
                reset_vec                             0        0        2         0
                text11                              A12      A12      32A         0
                text10                             11B0     11B0       30         0
                text9                              11E0     11E0       22         0
                text8                              1238     1238       12         0
                text7                              10AA     10AA       8A         0
                text6                              1202     1202       1C         0
                text5                              1134     1134       46         0
                text4                               668      668      3AA         0
                text3                               D3C      D3C      1F0         0
                text2                              124A     124A        A         0
                text1                              117A     117A       36         0
                text0                               F2C      F2C      17E         0
                cinit                              121E     121E       1A         0

        CLASS   CONST          

        CLASS   SMALLCONST     
                smallconst                          600      600       68         0

        CLASS   MEDIUMCONST    

        CLASS   COMRAM         
                cstackCOMRAM                         14       14        E         1
                bssCOMRAM                             1        1       13         1

        CLASS   ABS1           

        CLASS   BIGRAM         

        CLASS   RAM            

        CLASS   BANK0          

        CLASS   BANK1          

        CLASS   BANK2          

        CLASS   BANK3          

        CLASS   BANK4          

        CLASS   BANK5          

        CLASS   SFR            

        CLASS   CONFIG         
                config                           300000   300000        E         4

        CLASS   IDLOC          
                idloc                            200000   200000        8         5

        CLASS   FARRAM         

        CLASS   EEDATA         



SEGMENTS        Name                           Load    Length   Top    Selector   Space  Class

                reset_vec                      000000  000006  000006         0       0  CODE    
                bssCOMRAM                      000001  000021  000022         1       1  COMRAM  
                smallconst                     000600  000068  000668       300       0  SMALLCON
                text4                          000668  000BEE  001256       334       0  CODE    


UNUSED ADDRESS RANGES

        Name                Unused          Largest block    Delta
        BANK0            000080-0000FF               80
        BANK1            000100-0001FF              100
        BANK2            000200-0002FF              100
        BANK3            000300-0003FF              100
        BANK4            000400-0004FF              100
        BANK5            000500-0005FF              100
        BIGRAM           000022-0005FF              5DE
        CODE             000006-0005FF              5FA
                         001256-007FFF             2DAA
        COMRAM           000022-00007F               5E
        CONST            000006-0005FF              5FA
                         001256-007FFF             6DAA
        EEDATA           F00000-F000FF              100
        MEDIUMCONST      001256-007FFF             6DAA
        RAM              000080-0005FF              100
        SFR              000F80-000FFF               80
        SMALLCONST       001256-007FFF              100
        STACK            000080-0005FF              580

                                  Symbol Table

GetKey@key                                                                   cstackCOMRAM 000015
LCD_Char@dat                                                                 cstackCOMRAM 000014
LCD_Command@cmd                                                              cstackCOMRAM 000015
LCD_GoTo@column                                                              cstackCOMRAM 00001B
LCD_GoTo@line                                                                cstackCOMRAM 000016
LCD_String@msg                                                               cstackCOMRAM 000015
_Ask_Password                                                                text4        000668
_Ask_User                                                                    text3        000D3C
_EnterPassword                                                               bssCOMRAM    000009
_EnterUser                                                                   bssCOMRAM    00000F
_GetKey                                                                      text10       0011B0
_Keypad_Init                                                                 text2        00124A
_LATB                                                                        (abs)        000F8A
_LATD0                                                                       (abs)        007C60
_LATD1                                                                       (abs)        007C61
_LCD_Char                                                                    text6        001202
_LCD_Clear                                                                   text8        001238
_LCD_Command                                                                 text9        0011E0
_LCD_GoTo                                                                    text7        0010AA
_LCD_GoTo$247                                                                cstackCOMRAM 000019
_LCD_Init                                                                    text1        00117A
_LCD_String                                                                  text5        001134
_OSCCON                                                                      (abs)        000FD3
_PORTCbits                                                                   (abs)        000F82
_PORTDbits                                                                   (abs)        000F83
_Pass1                                                                       bssCOMRAM    00000E
_Pass2                                                                       bssCOMRAM    00000D
_Pass3                                                                       bssCOMRAM    00000C
_Pass4                                                                       bssCOMRAM    00000B
_Pass5                                                                       bssCOMRAM    00000A
_RA0                                                                         (abs)        007C00
_RA1                                                                         (abs)        007C01
_RA2                                                                         (abs)        007C02
_TRISA                                                                       (abs)        000F92
_TRISB                                                                       (abs)        000F93
_TRISC                                                                       (abs)        000F94
_TRISD                                                                       (abs)        000F95
_User1                                                                       bssCOMRAM    000012
_User2                                                                       bssCOMRAM    000011
_User3                                                                       bssCOMRAM    000010
_UserA                                                                       bssCOMRAM    000005
_UserB                                                                       bssCOMRAM    000003
_UserC                                                                       bssCOMRAM    000001
__HRAM                                                                       (abs)        000000
__Habs1                                                                      abs1         000000
__Hbank0                                                                     bank0        000000
__Hbank1                                                                     bank1        000000
__Hbank2                                                                     bank2        000000
__Hbank3                                                                     bank3        000000
__Hbank4                                                                     bank4        000000
__Hbank5                                                                     bank5        000000
__Hbigbss                                                                    bigbss       000000
__Hbigdata                                                                   bigdata      000000
__Hbigram                                                                    bigram       000000
__Hbss                                                                       bss          000000
__HbssCOMRAM                                                                 bssCOMRAM    000000
__Hcinit                                                                     cinit        000000
__Hclrtext                                                                   clrtext      000000
__Hcomram                                                                    comram       000000
__Hconfig                                                                    config       30000E
__Hconst                                                                     const        000000
__HcstackCOMRAM                                                              cstackCOMRAM 000000
__Hdata                                                                      data         000000
__Heeprom_data                                                               eeprom_data  000000
__Hfarbss                                                                    farbss       000000
__Hfardata                                                                   fardata      000000
__Hibigdata                                                                  ibigdata     000000
__Hidata                                                                     idata        000000
__Hidloc                                                                     idloc        200008
__Hifardata                                                                  ifardata     000000
__Hinit                                                                      init         000006
__Hintcode                                                                   intcode      000002
__Hintcode_body                                                              intcode_body 000000
__Hintcodelo                                                                 intcodelo    000002
__Hintentry                                                                  intentry     000000
__Hintret                                                                    intret       000000
__Hintsave_regs                                                              intsave_regs 000000
__Hirdata                                                                    irdata       000000
__Hmediumconst                                                               mediumconst  000000
__HnvFARRAM                                                                  nvFARRAM     000000
__Hnvbit                                                                     nvbit        000000
__Hnvrram                                                                    nvrram       000000
__Hparam                                                                     rparam       000000
__Hpowerup                                                                   powerup      000002
__Hram                                                                       ram          000000
__Hramtop                                                                    ramtop       000600
__Hrbit                                                                      rbit         000000
__Hrbss                                                                      rbss         000000
__Hrdata                                                                     rdata        000000
__Hreset_vec                                                                 reset_vec    000002
__Hrparam                                                                    rparam       000000
__Hsfr                                                                       sfr          000000
__Hsmallconst                                                                smallconst   000668
__Hspace_0                                                                   (abs)        001256
__Hspace_1                                                                   (abs)        000022
__Hspace_2                                                                   (abs)        000000
__Hspace_4                                                                   (abs)        60000E
__Hstack                                                                     stack        000000
__Hstruct                                                                    struct       000000
__Htemp                                                                      temp         000000
__Htext                                                                      text         000000
__Htext0                                                                     text0        000000
__Htext1                                                                     text1        000000
__Htext10                                                                    text10       000000
__Htext11                                                                    text11       000000
__Htext2                                                                     text2        000000
__Htext3                                                                     text3        000000
__Htext4                                                                     text4        000000
__Htext5                                                                     text5        000000
__Htext6                                                                     text6        000000
__Htext7                                                                     text7        000000
__Htext8                                                                     text8        000000
__Htext9                                                                     text9        000000
__LRAM                                                                       (abs)        000001
__Labs1                                                                      abs1         000000
__Lbank0                                                                     bank0        000000
__Lbank1                                                                     bank1        000000
__Lbank2                                                                     bank2        000000
__Lbank3                                                                     bank3        000000
__Lbank4                                                                     bank4        000000
__Lbank5                                                                     bank5        000000
__Lbigbss                                                                    bigbss       000000
__Lbigdata                                                                   bigdata      000000
__Lbigram                                                                    bigram       000000
__Lbss                                                                       bss          000000
__LbssCOMRAM                                                                 bssCOMRAM    000000
__Lcinit                                                                     cinit        000000
__Lclrtext                                                                   clrtext      000000
__Lcomram                                                                    comram       000000
__Lconfig                                                                    config       000000
__Lconst                                                                     const        000000
__LcstackCOMRAM                                                              cstackCOMRAM 000000
__Ldata                                                                      data         000000
__Leeprom_data                                                               eeprom_data  000000
__Lfarbss                                                                    farbss       000000
__Lfardata                                                                   fardata      000000
__Libigdata                                                                  ibigdata     000000
__Lidata                                                                     idata        000000
__Lidloc                                                                     idloc        000000
__Lifardata                                                                  ifardata     000000
__Linit                                                                      init         000002
__Lintcode                                                                   intcode      000002
__Lintcode_body                                                              intcode_body 000000
__Lintcodelo                                                                 intcodelo    000002
__Lintentry                                                                  intentry     000000
__Lintret                                                                    intret       000000
__Lintsave_regs                                                              intsave_regs 000000
__Lirdata                                                                    irdata       000000
__Lmediumconst                                                               mediumconst  000000
__LnvFARRAM                                                                  nvFARRAM     000000
__Lnvbit                                                                     nvbit        000000
__Lnvrram                                                                    nvrram       000000
__Lparam                                                                     rparam       000000
__Lpowerup                                                                   powerup      000002
__Lram                                                                       ram          000000
__Lramtop                                                                    ramtop       000600
__Lrbit                                                                      rbit         000000
__Lrbss                                                                      rbss         000000
__Lrdata                                                                     rdata        000000
__Lreset_vec                                                                 reset_vec    000000
__Lrparam                                                                    rparam       000000
__Lsfr                                                                       sfr          000000
__Lsmallconst                                                                smallconst   000600
__Lspace_0                                                                   (abs)        000000
__Lspace_1                                                                   (abs)        000000
__Lspace_2                                                                   (abs)        000000
__Lspace_4                                                                   (abs)        000000
__Lstack                                                                     stack        000000
__Lstruct                                                                    struct       000000
__Ltemp                                                                      temp         000000
__Ltext                                                                      text         000000
__Ltext0                                                                     text0        000000
__Ltext1                                                                     text1        000000
__Ltext10                                                                    text10       000000
__Ltext11                                                                    text11       000000
__Ltext2                                                                     text2        000000
__Ltext3                                                                     text3        000000
__Ltext4                                                                     text4        000000
__Ltext5                                                                     text5        000000
__Ltext6                                                                     text6        000000
__Ltext7                                                                     text7        000000
__Ltext8                                                                     text8        000000
__Ltext9                                                                     text9        000000
__S0                                                                         (abs)        001256
__S1                                                                         (abs)        000022
__S2                                                                         (abs)        000000
__S4                                                                         (abs)        000000
__S5                                                                         (abs)        000000
___inthi_sp                                                                  stack        000000
___intlo_sp                                                                  stack        000000
___param_bank                                                                (abs)        000000
___rparam_used                                                               (abs)        000001
___sp                                                                        stack        000000
__accesstop                                                                  (abs)        000080
__activetblptr                                                               (abs)        000001
__cntErrataNOP_C:\Users\PATINOR\AppData\Local\Temp\ssrk.o                    (abs)        000001
__cntErrataNOP_dist/default/production\ECE532FinalProjectCode.X.production.o (abs)        0000DC
__end_of_Ask_Password                                                        text4        000A12
__end_of_Ask_User                                                            text3        000F2C
__end_of_GetKey                                                              text10       0011E0
__end_of_Keypad_Init                                                         text2        001254
__end_of_LCD_Char                                                            text6        00121E
__end_of_LCD_Clear                                                           text8        00124A
__end_of_LCD_Command                                                         text9        001202
__end_of_LCD_GoTo                                                            text7        001134
__end_of_LCD_Init                                                            text1        0011B0
__end_of_LCD_String                                                          text5        00117A
__end_of__initialization                                                     cinit        00122A
__end_of_keypad_scanner                                                      text11       000D3C
__end_of_main                                                                text0        0010AA
__initialization                                                             cinit        00121E
__mediumconst                                                                mediumconst  000000
__pbssCOMRAM                                                                 bssCOMRAM    000001
__pcinit                                                                     cinit        00121E
__pcstackCOMRAM                                                              cstackCOMRAM 000014
__psmallconst                                                                smallconst   000600
__ptext0                                                                     text0        000F2C
__ptext1                                                                     text1        00117A
__ptext10                                                                    text10       0011B0
__ptext11                                                                    text11       000A12
__ptext2                                                                     text2        00124A
__ptext3                                                                     text3        000D3C
__ptext4                                                                     text4        000668
__ptext5                                                                     text5        001134
__ptext6                                                                     text6        001202
__ptext7                                                                     text7        0010AA
__ptext8                                                                     text8        001238
__ptext9                                                                     text9        0011E0
__ramtop                                                                     ramtop       000600
__size_of_Ask_Password                                                       (abs)        000000
__size_of_Ask_User                                                           (abs)        000000
__size_of_GetKey                                                             (abs)        000000
__size_of_Keypad_Init                                                        (abs)        000000
__size_of_LCD_Char                                                           (abs)        000000
__size_of_LCD_Clear                                                          (abs)        000000
__size_of_LCD_Command                                                        (abs)        000000
__size_of_LCD_GoTo                                                           (abs)        000000
__size_of_LCD_Init                                                           (abs)        000000
__size_of_LCD_String                                                         (abs)        000000
__size_of_keypad_scanner                                                     (abs)        000000
__size_of_main                                                               (abs)        000000
__smallconst                                                                 smallconst   000600
_key                                                                         bssCOMRAM    000013
_keypad_scanner                                                              text11       000A12
_main                                                                        text0        000F2C
_vehicle                                                                     bssCOMRAM    000007
end_of_initialization                                                        cinit        00122A
intlevel0                                                                    text         001254
intlevel1                                                                    text         001254
intlevel2                                                                    text         001254
intlevel3                                                                    text         001254
main@i                                                                       cstackCOMRAM 000020
stackhi                                                                      (abs)        0005FF
stacklo                                                                      (abs)        000080
start                                                                        init         000002
start_initialization                                                         cinit        00121E


FUNCTION INFORMATION:

 *************** function _main *****************
 Defined at:
		line 43 in file "parkinggarage.c"
 Parameters:    Size  Location     Type
		None
 Auto vars:     Size  Location     Type
  i               2   12[COMRAM] int 
 Return value:  Size  Location     Type
                  1    wreg      void 
 Registers used:
		wreg, status,2, status,0, tblptrl, tblptrh, tblptru, cstack
 Tracked objects:
		On entry : 
		On exit  : 
		Unchanged: 
 Data sizes:     COMRAM   BANK0   BANK1   BANK2   BANK3   BANK4   BANK5
      Params:         0       0       0       0       0       0       0
      Locals:         2       0       0       0       0       0       0
      Temps:          2       0       0       0       0       0       0
      Totals:         4       0       0       0       0       0       0
Total ram usage:        4 bytes
 Hardware stack levels required when called:    3
 This function calls:
		_Ask_Password
		_Ask_User
		_Keypad_Init
		_LCD_Clear
		_LCD_Init
		_LCD_String
 This function is called by:
		Startup code after reset
 This function uses a non-reentrant model


 *************** function _LCD_Init *****************
 Defined at:
		line 151 in file "parkinggarage.c"
 Parameters:    Size  Location     Type
		None
 Auto vars:     Size  Location     Type
		None
 Return value:  Size  Location     Type
                  1    wreg      void 
 Registers used:
		wreg, status,2, cstack
 Tracked objects:
		On entry : 
		On exit  : 
		Unchanged: 
 Data sizes:     COMRAM   BANK0   BANK1   BANK2   BANK3   BANK4   BANK5
      Params:         0       0       0       0       0       0       0
      Locals:         0       0       0       0       0       0       0
      Temps:          1       0       0       0       0       0       0
      Totals:         1       0       0       0       0       0       0
Total ram usage:        1 bytes
 Hardware stack levels used:    1
 Hardware stack levels required when called:    1
 This function calls:
		_LCD_Command
 This function is called by:
		_main
 This function uses a non-reentrant model


 *************** function _Keypad_Init *****************
 Defined at:
		line 145 in file "parkinggarage.c"
 Parameters:    Size  Location     Type
		None
 Auto vars:     Size  Location     Type
		None
 Return value:  Size  Location     Type
                  1    wreg      void 
 Registers used:
		wreg, status,2
 Tracked objects:
		On entry : 
		On exit  : 
		Unchanged: 
 Data sizes:     COMRAM   BANK0   BANK1   BANK2   BANK3   BANK4   BANK5
      Params:         0       0       0       0       0       0       0
      Locals:         0       0       0       0       0       0       0
      Temps:          0       0       0       0       0       0       0
      Totals:         0       0       0       0       0       0       0
Total ram usage:        0 bytes
 Hardware stack levels used:    1
 This function calls:
		Nothing
 This function is called by:
		_main
 This function uses a non-reentrant model


 *************** function _Ask_User *****************
 Defined at:
		line 206 in file "parkinggarage.c"
 Parameters:    Size  Location     Type
		None
 Auto vars:     Size  Location     Type
		None
 Return value:  Size  Location     Type
                  1    wreg      void 
 Registers used:
		wreg, status,2, status,0, tblptrl, tblptrh, tblptru, cstack
 Tracked objects:
		On entry : 
		On exit  : 
		Unchanged: 
 Data sizes:     COMRAM   BANK0   BANK1   BANK2   BANK3   BANK4   BANK5
      Params:         0       0       0       0       0       0       0
      Locals:         0       0       0       0       0       0       0
      Temps:          2       0       0       0       0       0       0
      Totals:         2       0       0       0       0       0       0
Total ram usage:        2 bytes
 Hardware stack levels used:    1
 Hardware stack levels required when called:    2
 This function calls:
		_GetKey
		_LCD_Char
		_LCD_Clear
		_LCD_GoTo
		_LCD_String
 This function is called by:
		_main
 This function uses a non-reentrant model


 *************** function _Ask_Password *****************
 Defined at:
		line 253 in file "parkinggarage.c"
 Parameters:    Size  Location     Type
		None
 Auto vars:     Size  Location     Type
		None
 Return value:  Size  Location     Type
                  1    wreg      void 
 Registers used:
		wreg, status,2, status,0, tblptrl, tblptrh, tblptru, cstack
 Tracked objects:
		On entry : 
		On exit  : 
		Unchanged: 
 Data sizes:     COMRAM   BANK0   BANK1   BANK2   BANK3   BANK4   BANK5
      Params:         0       0       0       0       0       0       0
      Locals:         0       0       0       0       0       0       0
      Temps:          2       0       0       0       0       0       0
      Totals:         2       0       0       0       0       0       0
Total ram usage:        2 bytes
 Hardware stack levels used:    1
 Hardware stack levels required when called:    2
 This function calls:
		_GetKey
		_LCD_Char
		_LCD_Clear
		_LCD_GoTo
		_LCD_String
 This function is called by:
		_main
 This function uses a non-reentrant model


 *************** function _LCD_String *****************
 Defined at:
		line 184 in file "parkinggarage.c"
 Parameters:    Size  Location     Type
  msg             2    1[COMRAM] PTR const unsigned char 
		 -> STR_17(6), STR_16(16), STR_15(5), STR_14(16), 
		 -> STR_13(5), STR_12(16), STR_11(5), STR_10(15), 
		 -> STR_9(6), STR_8(5), STR_7(5), STR_6(5), 
		 -> STR_5(11), STR_4(10), STR_3(15), STR_2(9), 
		 -> STR_1(14), 
 Auto vars:     Size  Location     Type
		None
 Return value:  Size  Location     Type
                  1    wreg      void 
 Registers used:
		wreg, status,2, status,0, tblptrl, tblptrh, tblptru, cstack
 Tracked objects:
		On entry : 
		On exit  : 
		Unchanged: 
 Data sizes:     COMRAM   BANK0   BANK1   BANK2   BANK3   BANK4   BANK5
      Params:         2       0       0       0       0       0       0
      Locals:         0       0       0       0       0       0       0
      Temps:          0       0       0       0       0       0       0
      Totals:         2       0       0       0       0       0       0
Total ram usage:        2 bytes
 Hardware stack levels used:    1
 Hardware stack levels required when called:    1
 This function calls:
		_LCD_Char
 This function is called by:
		_main
		_Ask_User
		_Ask_Password
 This function uses a non-reentrant model


 *************** function _LCD_Char *****************
 Defined at:
		line 176 in file "parkinggarage.c"
 Parameters:    Size  Location     Type
  dat             1    wreg     unsigned char 
 Auto vars:     Size  Location     Type
  dat             1    0[COMRAM] unsigned char 
 Return value:  Size  Location     Type
                  1    wreg      void 
 Registers used:
		wreg, status,2, cstack
 Tracked objects:
		On entry : 
		On exit  : 
		Unchanged: 
 Data sizes:     COMRAM   BANK0   BANK1   BANK2   BANK3   BANK4   BANK5
      Params:         0       0       0       0       0       0       0
      Locals:         1       0       0       0       0       0       0
      Temps:          0       0       0       0       0       0       0
      Totals:         1       0       0       0       0       0       0
Total ram usage:        1 bytes
 Hardware stack levels used:    1
 This function calls:
		Nothing
 This function is called by:
		_LCD_String
		_Ask_User
		_Ask_Password
 This function uses a non-reentrant model


 *************** function _LCD_GoTo *****************
 Defined at:
		line 192 in file "parkinggarage.c"
 Parameters:    Size  Location     Type
  column          1    wreg     unsigned char 
  line            1    2[COMRAM] unsigned char 
 Auto vars:     Size  Location     Type
  column          1    7[COMRAM] unsigned char 
 Return value:  Size  Location     Type
                  1    wreg      void 
 Registers used:
		wreg, status,2, status,0, cstack
 Tracked objects:
		On entry : 
		On exit  : 
		Unchanged: 
 Data sizes:     COMRAM   BANK0   BANK1   BANK2   BANK3   BANK4   BANK5
      Params:         1       0       0       0       0       0       0
      Locals:         3       0       0       0       0       0       0
      Temps:          2       0       0       0       0       0       0
      Totals:         6       0       0       0       0       0       0
Total ram usage:        6 bytes
 Hardware stack levels used:    1
 Hardware stack levels required when called:    1
 This function calls:
		_LCD_Command
 This function is called by:
		_Ask_User
		_Ask_Password
 This function uses a non-reentrant model


 *************** function _LCD_Clear *****************
 Defined at:
		line 171 in file "parkinggarage.c"
 Parameters:    Size  Location     Type
		None
 Auto vars:     Size  Location     Type
		None
 Return value:  Size  Location     Type
                  1    wreg      void 
 Registers used:
		wreg, status,2, cstack
 Tracked objects:
		On entry : 
		On exit  : 
		Unchanged: 
 Data sizes:     COMRAM   BANK0   BANK1   BANK2   BANK3   BANK4   BANK5
      Params:         0       0       0       0       0       0       0
      Locals:         0       0       0       0       0       0       0
      Temps:          0       0       0       0       0       0       0
      Totals:         0       0       0       0       0       0       0
Total ram usage:        0 bytes
 Hardware stack levels used:    1
 Hardware stack levels required when called:    1
 This function calls:
		_LCD_Command
 This function is called by:
		_main
		_Ask_User
		_Ask_Password
 This function uses a non-reentrant model


 *************** function _LCD_Command *****************
 Defined at:
		line 161 in file "parkinggarage.c"
 Parameters:    Size  Location     Type
  cmd             1    wreg     unsigned char 
 Auto vars:     Size  Location     Type
  cmd             1    1[COMRAM] unsigned char 
 Return value:  Size  Location     Type
                  1    wreg      void 
 Registers used:
		wreg, status,2, cstack
 Tracked objects:
		On entry : 
		On exit  : 
		Unchanged: 
 Data sizes:     COMRAM   BANK0   BANK1   BANK2   BANK3   BANK4   BANK5
      Params:         0       0       0       0       0       0       0
      Locals:         1       0       0       0       0       0       0
      Temps:          1       0       0       0       0       0       0
      Totals:         2       0       0       0       0       0       0
Total ram usage:        2 bytes
 Hardware stack levels used:    1
 This function calls:
		Nothing
 This function is called by:
		_LCD_Init
		_LCD_Clear
		_LCD_GoTo
 This function uses a non-reentrant model


 *************** function _GetKey *****************
 Defined at:
		line 108 in file "parkinggarage.c"
 Parameters:    Size  Location     Type
		None
 Auto vars:     Size  Location     Type
  key             1    1[COMRAM] unsigned char 
 Return value:  Size  Location     Type
                  1    wreg      unsigned char 
 Registers used:
		wreg, status,2, status,0, cstack
 Tracked objects:
		On entry : 
		On exit  : 
		Unchanged: 
 Data sizes:     COMRAM   BANK0   BANK1   BANK2   BANK3   BANK4   BANK5
      Params:         0       0       0       0       0       0       0
      Locals:         1       0       0       0       0       0       0
      Temps:          0       0       0       0       0       0       0
      Totals:         1       0       0       0       0       0       0
Total ram usage:        1 bytes
 Hardware stack levels used:    1
 Hardware stack levels required when called:    1
 This function calls:
		_keypad_scanner
 This function is called by:
		_Ask_User
		_Ask_Password
 This function uses a non-reentrant model


 *************** function _keypad_scanner *****************
 Defined at:
		line 116 in file "parkinggarage.c"
 Parameters:    Size  Location     Type
		None
 Auto vars:     Size  Location     Type
		None
 Return value:  Size  Location     Type
                  1    wreg      unsigned char 
 Registers used:
		wreg
 Tracked objects:
		On entry : 
		On exit  : 
		Unchanged: 
 Data sizes:     COMRAM   BANK0   BANK1   BANK2   BANK3   BANK4   BANK5
      Params:         0       0       0       0       0       0       0
      Locals:         0       0       0       0       0       0       0
      Temps:          1       0       0       0       0       0       0
      Totals:         1       0       0       0       0       0       0
Total ram usage:        1 bytes
 Hardware stack levels used:    1
 This function calls:
		Nothing
 This function is called by:
		_GetKey
 This function uses a non-reentrant model



MODULE INFORMATION

Module		Function		Class		Link	Load	Size
parkinggarage.c
		_LCD_String    		CODE           	1134	0000	71
		_LCD_Init      		CODE           	117A	0000	55
		_LCD_Command   		CODE           	11E0	0000	35
		_main          		CODE           	0F2C	0000	383
		_Ask_Password  		CODE           	0668	0000	939
		_Keypad_Init   		CODE           	124A	0000	11
		_GetKey        		CODE           	11B0	0000	49
		_LCD_Char      		CODE           	1202	0000	29
		_LCD_Clear     		CODE           	1238	0000	19
		_LCD_GoTo      		CODE           	10AA	0000	139
		_Ask_User      		CODE           	0D3C	0000	497
		_keypad_scanner		CODE           	0A12	0000	811

parkinggarage.c estimated size: 3038

shared
		__initialization		CODE           	121E	0000	13

shared estimated size: 13

